
Map of Debug\atomthreads-sample-cosmic.sm8 from link file Debug\atomthreads-sample-cosmic.lkf - Thu May 24 16:26:50 2018


                               --------
                               Segments
                               --------

start 00008080 end 000081f0 length   368 segment .const
start 00008205 end 00009be1 length  6620 segment .text
start 00001000 end 00001000 length     0 segment .eeprom
start 00000002 end 00000002 length     0 segment .bsct
start 00000002 end 0000000c length    10 segment .ubsct
start 0000000c end 0000000c length     0 segment .bit
start 0000000c end 0000000c length     0 segment .share
start 00000100 end 0000010d length    13 segment .data, initialized
start 000081f8 end 00008205 length    13 segment .data, from
start 0000010d end 00000421 length   788 segment .bss
start 00000000 end 00001046 length  4166 segment .info.
start 00000000 end 0000e8ed length 59629 segment .debug
start 00008000 end 00008080 length   128 segment .const
start 000081f0 end 000081f8 length     8 segment .init


                               -------
                               Modules
                               -------

C:\Program Files (x86)\COSMIC\FSE_Compilers\CXSTM8\Lib\crtsi0.sm8:
start 00008205 end 00008255 length    80 section .text
start 0000010d end 0000010d length     0 section .bss
start 00000002 end 00000002 length     0 section .ubsct
start 00000000 end 00000034 length    52 section .info.

Debug\atomkernel.o:
start 00000100 end 00000107 length     7 section .data
start 0000010d end 00000125 length    24 section .bss
start 00000000 end 00000d48 length  3400 section .debug
start 00000034 end 000000cf length   155 section .info.
start 00008255 end 000082e9 length   148 section .text
start 000082e9 end 00008304 length    27 section .text
start 00008304 end 00008406 length   258 section .text
start 00008406 end 0000847f length   121 section .text
start 0000847f end 00008489 length    10 section .text
start 00008489 end 00008496 length    13 section .text
start 00008496 end 000084a1 length    11 section .text
start 000084a1 end 000084d8 length    55 section .text
start 000084d8 end 000084f8 length    32 section .text
start 000084f8 end 000084fa length     2 section .text
start 000084fa end 0000857e length   132 section .text
start 0000857e end 000085c7 length    73 section .text
start 000085c7 end 0000865c length   149 section .text
start 0000865c end 000086ab length    79 section .text

Debug\atommutex.o:
start 00000d48 end 000014f4 length  1964 section .debug
start 000000cf end 00000169 length   154 section .info.
start 000086ab end 000086ce length    35 section .text
start 000086ce end 00008765 length   151 section .text
start 00008765 end 0000888b length   294 section .text
start 0000888b end 0000894d length   194 section .text
start 0000894d end 0000898c length    63 section .text

Debug\atomqueue.o:
start 000014f4 end 00001fc1 length  2765 section .debug
start 00000169 end 00000203 length   154 section .info.
start ******** end ******** length     0 section .text *** removed ***
start ******** end ******** length     0 section .text *** removed ***
start ******** end ******** length     0 section .text *** removed ***
start ******** end ******** length     0 section .text *** removed ***
start ******** end ******** length     0 section .text *** removed ***
start ******** end ******** length     0 section .text *** removed ***
start ******** end ******** length     0 section .text *** removed ***

Debug\atomsem.o:
start 00001fc1 end 000027bc length  2043 section .debug
start 00000203 end 0000029b length   152 section .info.
start ******** end ******** length     0 section .text *** removed ***
start ******** end ******** length     0 section .text *** removed ***
start ******** end ******** length     0 section .text *** removed ***
start ******** end ******** length     0 section .text *** removed ***
start ******** end ******** length     0 section .text *** removed ***
start ******** end ******** length     0 section .text *** removed ***

Debug\atomtimer.o:
start 00000107 end 0000010d length     6 section .data
start 000027bc end 00003031 length  2165 section .debug
start 0000029b end 00000335 length   154 section .info.
start 0000898c end 000089db length    79 section .text
start 000089db end 00008a3f length   100 section .text
start ******** end ******** length     0 section .text *** removed ***
start ******** end ******** length     0 section .text *** removed ***
start 00008a3f end 00008a51 length    18 section .text
start 00008a51 end 00008ac8 length   119 section .text
start 00008ac8 end 00008b65 length   157 section .text
start 00008b65 end 00008b8a length    37 section .text

Debug\stm8l15x_usart.o:
start 00003031 end 000047d2 length  6049 section .debug
start 00000335 end 000003d4 length   159 section .info.
start 00008b8a end 00008b9a length    16 section .text
start 00008b9a end 00008c0d length   115 section .text
start ******** end ******** length     0 section .text *** removed ***
start 00008c0d end 00008c24 length    23 section .text
start ******** end ******** length     0 section .text *** removed ***
start ******** end ******** length     0 section .text *** removed ***
start ******** end ******** length     0 section .text *** removed ***
start ******** end ******** length     0 section .text *** removed ***
start 00008c24 end 00008c2d length     9 section .text
start ******** end ******** length     0 section .text *** removed ***
start ******** end ******** length     0 section .text *** removed ***
start ******** end ******** length     0 section .text *** removed ***
start ******** end ******** length     0 section .text *** removed ***
start ******** end ******** length     0 section .text *** removed ***
start ******** end ******** length     0 section .text *** removed ***
start ******** end ******** length     0 section .text *** removed ***
start ******** end ******** length     0 section .text *** removed ***
start ******** end ******** length     0 section .text *** removed ***
start ******** end ******** length     0 section .text *** removed ***
start ******** end ******** length     0 section .text *** removed ***
start ******** end ******** length     0 section .text *** removed ***
start 00008c2d end 00008c5c length    47 section .text
start ******** end ******** length     0 section .text *** removed ***
start ******** end ******** length     0 section .text *** removed ***
start ******** end ******** length     0 section .text *** removed ***

Debug\stm8l15x_tim1.o:
start 000047d2 end 00009418 length 19526 section .debug
start 000003d4 end 00000472 length   158 section .info.
start 00008c5c end 00008cf5 length   153 section .text
start 00008cf5 end 00008d19 length    36 section .text
start ******** end ******** length     0 section .text *** removed ***
start ******** end ******** length     0 section .text *** removed ***
start ******** end ******** length     0 section .text *** removed ***
start ******** end ******** length     0 section .text *** removed ***
start ******** end ******** length     0 section .text *** removed ***
start ******** end ******** length     0 section .text *** removed ***
start ******** end ******** length     0 section .text *** removed ***
start ******** end ******** length     0 section .text *** removed ***
start ******** end ******** length     0 section .text *** removed ***
start ******** end ******** length     0 section .text *** removed ***
start 00008d19 end 00008d27 length    14 section .text
start ******** end ******** length     0 section .text *** removed ***
start ******** end ******** length     0 section .text *** removed ***
start ******** end ******** length     0 section .text *** removed ***
start ******** end ******** length     0 section .text *** removed ***
start ******** end ******** length     0 section .text *** removed ***
start ******** end ******** length     0 section .text *** removed ***
start ******** end ******** length     0 section .text *** removed ***
start ******** end ******** length     0 section .text *** removed ***
start ******** end ******** length     0 section .text *** removed ***
start ******** end ******** length     0 section .text *** removed ***
start ******** end ******** length     0 section .text *** removed ***
start ******** end ******** length     0 section .text *** removed ***
start ******** end ******** length     0 section .text *** removed ***
start ******** end ******** length     0 section .text *** removed ***
start ******** end ******** length     0 section .text *** removed ***
start ******** end ******** length     0 section .text *** removed ***
start ******** end ******** length     0 section .text *** removed ***
start ******** end ******** length     0 section .text *** removed ***
start ******** end ******** length     0 section .text *** removed ***
start ******** end ******** length     0 section .text *** removed ***
start ******** end ******** length     0 section .text *** removed ***
start ******** end ******** length     0 section .text *** removed ***
start ******** end ******** length     0 section .text *** removed ***
start ******** end ******** length     0 section .text *** removed ***
start ******** end ******** length     0 section .text *** removed ***
start ******** end ******** length     0 section .text *** removed ***
start ******** end ******** length     0 section .text *** removed ***
start ******** end ******** length     0 section .text *** removed ***
start ******** end ******** length     0 section .text *** removed ***
start ******** end ******** length     0 section .text *** removed ***
start ******** end ******** length     0 section .text *** removed ***
start ******** end ******** length     0 section .text *** removed ***
start ******** end ******** length     0 section .text *** removed ***
start ******** end ******** length     0 section .text *** removed ***
start ******** end ******** length     0 section .text *** removed ***
start ******** end ******** length     0 section .text *** removed ***
start ******** end ******** length     0 section .text *** removed ***
start ******** end ******** length     0 section .text *** removed ***
start ******** end ******** length     0 section .text *** removed ***
start ******** end ******** length     0 section .text *** removed ***
start ******** end ******** length     0 section .text *** removed ***
start ******** end ******** length     0 section .text *** removed ***
start ******** end ******** length     0 section .text *** removed ***
start ******** end ******** length     0 section .text *** removed ***
start ******** end ******** length     0 section .text *** removed ***
start 00008d27 end 00008d40 length    25 section .text
start ******** end ******** length     0 section .text *** removed ***
start ******** end ******** length     0 section .text *** removed ***
start ******** end ******** length     0 section .text *** removed ***
start ******** end ******** length     0 section .text *** removed ***
start ******** end ******** length     0 section .text *** removed ***
start ******** end ******** length     0 section .text *** removed ***
start ******** end ******** length     0 section .text *** removed ***
start ******** end ******** length     0 section .text *** removed ***
start ******** end ******** length     0 section .text *** removed ***
start ******** end ******** length     0 section .text *** removed ***
start ******** end ******** length     0 section .text *** removed ***
start ******** end ******** length     0 section .text *** removed ***
start ******** end ******** length     0 section .text *** removed ***
start ******** end ******** length     0 section .text *** removed ***
start ******** end ******** length     0 section .text *** removed ***
start ******** end ******** length     0 section .text *** removed ***
start ******** end ******** length     0 section .text *** removed ***
start ******** end ******** length     0 section .text *** removed ***
start ******** end ******** length     0 section .text *** removed ***
start ******** end ******** length     0 section .text *** removed ***
start ******** end ******** length     0 section .text *** removed ***
start ******** end ******** length     0 section .text *** removed ***
start ******** end ******** length     0 section .text *** removed ***

Debug\stm8l15x_syscfg.o:
start 00009418 end 0000a84b length  5171 section .debug
start 00000472 end 00000512 length   160 section .info.
start ******** end ******** length     0 section .text *** removed ***
start ******** end ******** length     0 section .text *** removed ***
start ******** end ******** length     0 section .text *** removed ***
start ******** end ******** length     0 section .text *** removed ***
start ******** end ******** length     0 section .text *** removed ***
start ******** end ******** length     0 section .text *** removed ***
start ******** end ******** length     0 section .text *** removed ***
start ******** end ******** length     0 section .text *** removed ***

Debug\stm8l15x_itc.o:
start 0000a84b end 0000af2d length  1762 section .debug
start 00000512 end 000005af length   157 section .info.
start ******** end ******** length     0 section .text *** removed ***
start ******** end ******** length     0 section .text *** removed ***
start ******** end ******** length     0 section .text *** removed ***
start ******** end ******** length     0 section .const *** removed ***
start ******** end ******** length     0 section .text *** removed ***
start ******** end ******** length     0 section .text *** removed ***

Debug\stm8l15x_gpio.o:
start 0000af2d end 0000ba56 length  2857 section .debug
start 000005af end 0000064d length   158 section .info.
start 00008d40 end 00008d48 length     8 section .text
start 00008d48 end 00008db0 length   104 section .text
start ******** end ******** length     0 section .text *** removed ***
start ******** end ******** length     0 section .text *** removed ***
start ******** end ******** length     0 section .text *** removed ***
start ******** end ******** length     0 section .text *** removed ***
start ******** end ******** length     0 section .text *** removed ***
start 00008db0 end 00008db7 length     7 section .text
start ******** end ******** length     0 section .text *** removed ***
start ******** end ******** length     0 section .text *** removed ***
start ******** end ******** length     0 section .text *** removed ***
start ******** end ******** length     0 section .text *** removed ***

Debug\stm8l15x_clk.o:
start 0000ba56 end 0000d415 length  6591 section .debug
start 0000064d end 000006ea length   157 section .info.
start 00008080 end 00008085 length     5 section .const
start 00008db7 end 00008df8 length    65 section .text
start ******** end ******** length     0 section .text *** removed ***
start ******** end ******** length     0 section .text *** removed ***
start ******** end ******** length     0 section .text *** removed ***
start ******** end ******** length     0 section .text *** removed ***
start ******** end ******** length     0 section .text *** removed ***
start ******** end ******** length     0 section .text *** removed ***
start ******** end ******** length     0 section .text *** removed ***
start ******** end ******** length     0 section .text *** removed ***
start ******** end ******** length     0 section .text *** removed ***
start ******** end ******** length     0 section .text *** removed ***
start 00008df8 end 00008e7d length   133 section .text
start 00008e7d end 00008e81 length     4 section .text
start ******** end ******** length     0 section .text *** removed ***
start ******** end ******** length     0 section .text *** removed ***
start ******** end ******** length     0 section .text *** removed ***
start 00008e81 end 00008f2e length   173 section .text
start ******** end ******** length     0 section .text *** removed ***
start ******** end ******** length     0 section .text *** removed ***
start ******** end ******** length     0 section .text *** removed ***
start ******** end ******** length     0 section .text *** removed ***
start ******** end ******** length     0 section .text *** removed ***
start ******** end ******** length     0 section .text *** removed ***
start ******** end ******** length     0 section .text *** removed ***
start ******** end ******** length     0 section .text *** removed ***
start ******** end ******** length     0 section .text *** removed ***

Debug\mutex7.o:
start 00000125 end 00000204 length   223 section .bss
start 0000d415 end 0000d98f length  1402 section .debug
start 000006ea end 00000781 length   151 section .info.
start 00008f2e end 000090a9 length   379 section .text
start 000090a9 end 000090df length    54 section .text
start 000090df end 000090f0 length    17 section .text
start 00008085 end 0000815d length   216 section .const

Debug\uart.o:
start 00000204 end 00000209 length     5 section .bss
start 0000d98f end 0000de0c length  1149 section .debug
start 00000781 end 00000816 length   149 section .info.
start 000090f0 end 0000914a length    90 section .text
start 0000914a end 0000918c length    66 section .text
start 0000918c end 00009190 length     4 section .text

Debug\tests-main.o:
start 00000209 end 00000421 length   536 section .bss
start 0000de0c end 0000e279 length  1133 section .debug
start 00000816 end 000008b1 length   155 section .info.
start 00009190 end 000091e2 length    82 section .text
start 000091e2 end 0000929e length   188 section .text
start 0000815d end 00008192 length    53 section .const

Debug\atomport.o:
start 0000e279 end 0000e6f2 length  1145 section .debug
start 000008b1 end 0000094a length   153 section .info.
start 0000929e end 000092c5 length    39 section .text
start 000092c5 end 000092f3 length    46 section .text
start 000092f3 end 00009318 length    37 section .text
start 00009318 end 00009352 length    58 section .text

Debug\atomport-asm-cosmic.o:
start 00009352 end 0000935d length    11 section .text
start 0000e6f2 end 0000e782 length   144 section .debug
start 0000094a end 0000098f length    69 section .info.

(C:\Program Files (x86)\COSMIC\FSE_Compilers\CXSTM8\Lib\libisl0.sm8)memcpy0.o:
start ******** end ******** length     0 section .text *** removed ***
start 0000098f end 000009be length    47 section .info.

(C:\Program Files (x86)\COSMIC\FSE_Compilers\CXSTM8\Lib\libisl0.sm8)printf.o:
start 0000935d end 0000936d length    16 section .text
start 000009be end 00000a34 length   118 section .info.

(C:\Program Files (x86)\COSMIC\FSE_Compilers\CXSTM8\Lib\libisl0.sm8)cprint.o:
start 0000936d end 00009899 length  1324 section .text
start 00000a34 end 00000aaa length   118 section .info.
start 00008192 end 000081cb length    57 section .const

(C:\Program Files (x86)\COSMIC\FSE_Compilers\CXSTM8\Lib\libisl0.sm8)itob.o:
start 00009899 end 000099a9 length   272 section .text
start 00000aaa end 00000b1e length   116 section .info.
start 000081cb end 000081f0 length    37 section .const

(C:\Program Files (x86)\COSMIC\FSE_Compilers\CXSTM8\Lib\libisl0.sm8)idiv0.o:
start 000099a9 end 000099b4 length    11 section .text
start 00000b1e end 00000b4b length    45 section .info.

(C:\Program Files (x86)\COSMIC\FSE_Compilers\CXSTM8\Lib\libisl0.sm8)ildiv0.o:
start 000099b4 end 000099cf length    27 section .text
start 00000b4b end 00000b79 length    46 section .info.

(C:\Program Files (x86)\COSMIC\FSE_Compilers\CXSTM8\Lib\libisl0.sm8)strlen0.o:
start 000099cf end 000099db length    12 section .text
start 00000b79 end 00000ba8 length    47 section .info.

(C:\Program Files (x86)\COSMIC\FSE_Compilers\CXSTM8\Lib\libisl0.sm8)toup0.o:
start 000099db end 000099e6 length    11 section .text
start 00000ba8 end 00000bd5 length    45 section .info.

(C:\Program Files (x86)\COSMIC\FSE_Compilers\CXSTM8\Lib\libm0.sm8)ldiv.o:
start 000099e6 end 00009ad1 length   235 section .text
start 00000bd5 end 00000c04 length    47 section .info.

(C:\Program Files (x86)\COSMIC\FSE_Compilers\CXSTM8\Lib\libm0.sm8)imul.o:
start 00009ad1 end 00009af2 length    33 section .text
start 00000c04 end 00000c33 length    47 section .info.

(C:\Program Files (x86)\COSMIC\FSE_Compilers\CXSTM8\Lib\libm0.sm8)itolx.o:
start 00009af2 end 00009b00 length    14 section .text
start 00000c33 end 00000c63 length    48 section .info.

(C:\Program Files (x86)\COSMIC\FSE_Compilers\CXSTM8\Lib\libm0.sm8)lcmp.o:
start 00009b00 end 00009b20 length    32 section .text
start 00000c63 end 00000c92 length    47 section .info.

(C:\Program Files (x86)\COSMIC\FSE_Compilers\CXSTM8\Lib\libm0.sm8)lgadc.o:
start 00009b20 end 00009b30 length    16 section .text
start 00000c92 end 00000cc2 length    48 section .info.

(C:\Program Files (x86)\COSMIC\FSE_Compilers\CXSTM8\Lib\libm0.sm8)lgadd.o:
start ******** end ******** length     0 section .text *** removed ***
start 00000cc2 end 00000cf2 length    48 section .info.

(C:\Program Files (x86)\COSMIC\FSE_Compilers\CXSTM8\Lib\libm0.sm8)lgneg.o:
start 00009b30 end 00009b43 length    19 section .text
start 00000cf2 end 00000d22 length    48 section .info.

(C:\Program Files (x86)\COSMIC\FSE_Compilers\CXSTM8\Lib\libm0.sm8)lgsbc.o:
start 00009b43 end 00009b59 length    22 section .text
start 00000d22 end 00000d52 length    48 section .info.

(C:\Program Files (x86)\COSMIC\FSE_Compilers\CXSTM8\Lib\libm0.sm8)lmul.o:
start ******** end ******** length     0 section .text *** removed ***
start 00000d52 end 00000d81 length    47 section .info.

(C:\Program Files (x86)\COSMIC\FSE_Compilers\CXSTM8\Lib\libm0.sm8)lneg.o:
start 00009b59 end 00009b6e length    21 section .text
start 00000d81 end 00000db0 length    47 section .info.

(C:\Program Files (x86)\COSMIC\FSE_Compilers\CXSTM8\Lib\libm0.sm8)lreg.o:
start 00000002 end 00000006 length     4 section .ubsct
start 00000db0 end 00000ddf length    47 section .info.

(C:\Program Files (x86)\COSMIC\FSE_Compilers\CXSTM8\Lib\libm0.sm8)lsub.o:
start 00009b6e end 00009b86 length    24 section .text
start 00000ddf end 00000e0e length    47 section .info.

(C:\Program Files (x86)\COSMIC\FSE_Compilers\CXSTM8\Lib\libm0.sm8)ltor.o:
start 00009b86 end 00009b98 length    18 section .text
start 00000e0e end 00000e3d length    47 section .info.

(C:\Program Files (x86)\COSMIC\FSE_Compilers\CXSTM8\Lib\libm0.sm8)ludiv.o:
start 00009b98 end 00009bac length    20 section .text
start 00000e3d end 00000e6d length    48 section .info.

(C:\Program Files (x86)\COSMIC\FSE_Compilers\CXSTM8\Lib\libm0.sm8)lursh.o:
start 00009bac end 00009bbb length    15 section .text
start 00000e6d end 00000e9d length    48 section .info.

(C:\Program Files (x86)\COSMIC\FSE_Compilers\CXSTM8\Lib\libm0.sm8)lzmp.o:
start 00009bbb end 00009bce length    19 section .text
start 00000e9d end 00000ecc length    47 section .info.

(C:\Program Files (x86)\COSMIC\FSE_Compilers\CXSTM8\Lib\libm0.sm8)rtol.o:
start 00009bce end 00009be0 length    18 section .text
start 00000ecc end 00000efb length    47 section .info.

(C:\Program Files (x86)\COSMIC\FSE_Compilers\CXSTM8\Lib\libm0.sm8)xreg.o:
start 00000006 end 00000009 length     3 section .ubsct
start 00000efb end 00000f2a length    47 section .info.

(C:\Program Files (x86)\COSMIC\FSE_Compilers\CXSTM8\Lib\libm0.sm8)yreg.o:
start 00000009 end 0000000c length     3 section .ubsct
start 00000f2a end 00000f59 length    47 section .info.

Debug\stm8_interrupt_vector.o:
start 0000e782 end 0000e8ed length   363 section .debug
start 00000f59 end 00000fff length   166 section .info.
start 00009be0 end 00009be1 length     1 section .text
start 00008000 end 00008080 length   128 section .const


                             -----------
                             Stack usage
                             -----------

Debug\atomkernel.o:
L11_atomThreadSwitch             6   (6)
L31_atomIdleThread               6   (6)
_atomCurrentContext              2   (2)
_atomIntEnter                    2   (2)
_atomIntExit                    19   (2)
_atomOSInit                     53   (10)
_atomOSStart                    11   (4)
_atomSched                      17   (6)
_atomThreadCreate               43   (26)
_atomThreadStackCheck           20   (17)
_tcbDequeueEntry                12   (12)
_tcbDequeueHead                  6   (6)
_tcbDequeuePriority              7   (7)
_tcbEnqueuePriority             11   (11)

Debug\atommutex.o:
L3_atomMutexTimerCallback       17   (5)
_atomMutexCreate                 5   (5)
_atomMutexDelete                26   (9)
_atomMutexGet                   43   (26)
_atomMutexPut                   25   (8)

Debug\atomport.o:
L3_thread_shell                168   (4) *** Recursive *** *** pointer() ***
_archInitSystemTickTimer        10   (2)
_archThreadContextInit          14   (14)
f_TIM1_SystemTickISR        >  198   (16) *** Recursive ***

Debug\atomtimer.o:
L11_atomTimerDelayCallback      16   (5)
L7_atomTimerCallbacks          180   (12) *** Recursive *** *** pointer() ***
_atomTimerCancel                10   (10)
_atomTimerDelay                 39   (22)
_atomTimerRegister               8   (6)
_atomTimerTick                 182   (2) *** Recursive ***

Debug\mutex7.o:
L31_testCallback                27   (2)
L51_test_thread_func           127   (7) *** Recursive ***
_test_start                    144   (24) *** Recursive ***

Debug\stm8_interrupt_vector.o:
f_NonHandledInterrupt       >    6   (6)

Debug\stm8l15x_clk.o:
_CLK_DeInit                      2   (2)
_CLK_GetClockFreq               25   (11)
_CLK_PeripheralClockConfig       5   (5)
_CLK_SYSCLKDivConfig             2   (2)

Debug\stm8l15x_gpio.o:
_GPIO_DeInit                     2   (2)
_GPIO_Init                       6   (6)
_GPIO_ToggleBits                 5   (5)

Debug\stm8l15x_tim1.o:
_TIM1_Cmd                        2   (2)
_TIM1_DeInit                     2   (2)
_TIM1_ITConfig                   4   (4)
_TIM1_TimeBaseInit               8   (8)

Debug\stm8l15x_usart.o:
_USART_Cmd                       5   (5)
_USART_DeInit                    2   (2)
_USART_GetFlagStatus             7   (7)
_USART_Init                     41   (16)
_USART_SendData8                 5   (5)

Debug\tests-main.o:
L11_main_thread_func           164   (20) *** Recursive ***
_main                       >   56   (3)

Debug\uart.o:
_putchar                        48   (2) *** Recursive ***
_uart_init                      49   (8)
_uart_putchar                   51   (3) *** Recursive ***

C:\Program Files (x86:
L11__cvtup                       8   (6)
L31__putbuf                     57   (9) *** Recursive ***
L7__gnum                        19   (16)
__print                        108   (51) *** Recursive ***
__udiv                           4   (4)
__uldiv                          6   (6)
__itob                          19   (15)
__ltob                          23   (17)
_printf                        120   (12) *** Recursive ***
_strlen                          2   (2)
_toupper                         2   (2)

Stack size: 254


                              ---------
                              Call tree
                              ---------
   1 > __stext: (0)

   2 > _main: (3)
   3      + _CLK_DeInit: (2)
   4      + _CLK_SYSCLKDivConfig: (2)
   5      + _archInitSystemTickTimer: (2)
   6      |    + _CLK_PeripheralClockConfig: (5)
   7      |    + _TIM1_Cmd: (2)
   8      |    + _TIM1_DeInit: (2)
   9      |    + _TIM1_ITConfig: (4)
  10      |    + _TIM1_TimeBaseInit: (8)
          | 
  11      + _atomOSInit: (10)
  12      |    + _atomThreadCreate: (26)
  13      |    |    + _archThreadContextInit: (14)
  14      |    |    + _atomCurrentContext: (2)
  15      |    |    + _atomSched: (6)
  16      |    |    |    + L11_atomThreadSwitch: (6)
  17      |    |    |    + _tcbDequeueHead: (6)
  18      |    |    |    + _tcbDequeuePriority: (7)
  19      |    |    |    + _tcbEnqueuePriority: (11)
          |    |    | 
  20      |    |    + _tcbEnqueuePriority --> 19
          |    | 
          | 
  21      + _atomOSStart: (4)
  22      |    + _tcbDequeuePriority --> 18
          | 
  23      + _atomThreadCreate --> 12
       
  24 > f_NonHandledInterrupt: (6)

  25 > f_TIM1_SystemTickISR: (16)
  26      + _atomIntEnter: (2)
  27      + _atomIntExit: (2)
  28      |    + _atomSched --> 15
          | 
  29      + _atomTimerTick: (2)
  30      |    + L7_atomTimerCallbacks: (12)
  31      |    |    + (L11_atomTimerDelayCallback) ...
  32      |    |    + (L11_main_thread_func) ...
  33      |    |    + (L31_atomIdleThread) ...
  34      |    |    + (L31_testCallback) ...
  35      |    |    + (L3_atomMutexTimerCallback) ...
  36      |    |    + (L3_thread_shell) ...
  37      |    |    + (L51_test_thread_func) ...
          |    | 
          | 
       
  38   L11__cvtup: (6)
  39      + _toupper: (2)
       
  40   L11_atomThreadSwitch --> 16

  41   L11_atomTimerDelayCallback: (5)
  42      + _tcbEnqueuePriority --> 19
       
  43   L11_main_thread_func: (20)
  44      + _GPIO_DeInit: (2)
  45      + _GPIO_Init: (6)
  46      + _GPIO_ToggleBits: (5)
  47      + _atomThreadStackCheck: (17)
  48      + _atomTimerDelay: (22)
  49      |    + _atomCurrentContext --> 14
  50      |    + _atomSched --> 15
  51      |    + _atomTimerRegister: (6)
          | 
  52      + _printf: (12)
  53      |    + __print: (51)
  54      |    |    + L11__cvtup --> 38
  55      |    |    + L31__putbuf: (9)
  56      |    |    |    + _putchar: (2)
  57      |    |    |    |    + _uart_putchar: (3)
  58      |    |    |    |    |    + _USART_GetFlagStatus: (7)
  59      |    |    |    |    |    + _USART_SendData8: (5)
  60      |    |    |    |    |    + _atomMutexGet: (26)
  61      |    |    |    |    |    |    + _atomCurrentContext --> 14
  62      |    |    |    |    |    |    + _atomSched --> 15
  63      |    |    |    |    |    |    + _atomTimerRegister --> 51
  64      |    |    |    |    |    |    + _tcbDequeueEntry: (12)
  65      |    |    |    |    |    |    + _tcbEnqueuePriority --> 19
          |    |    |    |    |    | 
  66      |    |    |    |    |    + _atomMutexPut: (8)
  67      |    |    |    |    |    |    + _atomCurrentContext --> 14
  68      |    |    |    |    |    |    + _atomSched --> 15
  69      |    |    |    |    |    |    + _atomTimerCancel: (10)
  70      |    |    |    |    |    |    + _tcbDequeueHead --> 17
  71      |    |    |    |    |    |    + _tcbEnqueuePriority --> 19
          |    |    |    |    |    | 
  72      |    |    |    |    |    + _putchar --> 56
          |    |    |    |    | 
          |    |    |    | 
          |    |    | 
  73      |    |    + L7__gnum: (16)
  74      |    |    + __itob: (15)
  75      |    |    |    + __udiv: (4)
          |    |    | 
  76      |    |    + __ltob: (17)
  77      |    |    |    + __uldiv: (6)
          |    |    | 
  78      |    |    + _strlen: (2)
          |    | 
          | 
  79      + _test_start: (24)
  80      |    + _atomMutexCreate: (5)
  81      |    + _atomMutexDelete: (9)
  82      |    |    + _atomCurrentContext --> 14
  83      |    |    + _atomSched --> 15
  84      |    |    + _atomTimerCancel --> 69
  85      |    |    + _tcbDequeueHead --> 17
  86      |    |    + _tcbEnqueuePriority --> 19
          |    | 
  87      |    + _atomMutexPut --> 66
  88      |    + _atomThreadCreate --> 12
  89      |    + _atomThreadStackCheck --> 47
  90      |    + _atomTimerDelay --> 48
  91      |    + _atomTimerRegister --> 51
  92      |    + _printf --> 52
          | 
  93      + _uart_init: (8)
  94      |    + _CLK_PeripheralClockConfig --> 6
  95      |    + _GPIO_Init --> 45
  96      |    + _USART_Cmd: (5)
  97      |    + _USART_DeInit: (2)
  98      |    + _USART_Init: (16)
  99      |    |    + _CLK_GetClockFreq: (11)
          |    | 
 100      |    + _atomMutexCreate --> 80
          | 
       
 101   L31__putbuf --> 55

 102   L31_atomIdleThread: (6)

 103   L31_testCallback: (2)
 104      + _atomMutexPut --> 66
       
 105   L3_atomMutexTimerCallback: (5)
 106      + _tcbDequeueEntry --> 64
 107      + _tcbEnqueuePriority --> 19
       
 108   L3_thread_shell: (4)
 109      + (L11_atomTimerDelayCallback) --> 41
 110      + (L11_main_thread_func) --> 43
 111      + (L31_atomIdleThread) --> 102
 112      + (L31_testCallback) --> 103
 113      + (L3_atomMutexTimerCallback) --> 105
 114      + (L3_thread_shell) --> 108
 115      + (L51_test_thread_func) ...
 116      + _atomCurrentContext --> 14
       
 117   L51_test_thread_func: (7)
 118      + _atomMutexGet --> 60
 119      + _atomTimerDelay --> 48
 120      + _printf --> 52
       
 121   L7__gnum --> 73

 122   L7_atomTimerCallbacks --> 30

 123   _CLK_DeInit --> 3

 124   _CLK_GetClockFreq --> 99

 125   _CLK_PeripheralClockConfig --> 6

 126   _CLK_SYSCLKDivConfig --> 4

 127   _GPIO_DeInit --> 44

 128   _GPIO_Init --> 45

 129   _GPIO_ToggleBits --> 46

 130   _TIM1_Cmd --> 7

 131   _TIM1_DeInit --> 8

 132   _TIM1_ITConfig --> 9

 133   _TIM1_TimeBaseInit --> 10

 134   _USART_Cmd --> 96

 135   _USART_DeInit --> 97

 136   _USART_GetFlagStatus --> 58

 137   _USART_Init --> 98

 138   _USART_SendData8 --> 59

 139   __itob --> 74

 140   __ltob --> 76

 141   __print --> 53

 142   __udiv --> 75

 143   __uldiv --> 77

 144   _archInitSystemTickTimer --> 5

 145   _archThreadContextInit --> 13

 146   _atomCurrentContext --> 14

 147   _atomIntEnter --> 26

 148   _atomIntExit --> 27

 149   _atomMutexCreate --> 80

 150   _atomMutexDelete --> 81

 151   _atomMutexGet --> 60

 152   _atomMutexPut --> 66

 153   _atomOSInit --> 11

 154   _atomOSStart --> 21

 155   _atomSched --> 15

 156   _atomThreadCreate --> 12

 157   _atomThreadStackCheck --> 47

 158   _atomTimerCancel --> 69

 159   _atomTimerDelay --> 48

 160   _atomTimerRegister --> 51

 161   _atomTimerTick --> 29

 162   _printf --> 52

 163   _putchar --> 56

 164   _strlen --> 78

 165   _tcbDequeueEntry --> 64

 166   _tcbDequeueHead --> 17

 167   _tcbDequeuePriority --> 18

 168   _tcbEnqueuePriority --> 19

 169   _test_start --> 79

 170   _toupper --> 39

 171   _uart_init --> 93

 172   _uart_putchar --> 57



                               -------
                               Symbols
                               -------

_CLK_AdjustHSICalibrationValue        ********   *** removed from Debug\stm8l15x_clk.o ***
_CLK_BEEPClockConfig                  ********   *** removed from Debug\stm8l15x_clk.o ***
_CLK_CCOConfig                        ********   *** removed from Debug\stm8l15x_clk.o ***
_CLK_ClearFlag                        ********   *** removed from Debug\stm8l15x_clk.o ***
_CLK_ClearITPendingBit                ********   *** removed from Debug\stm8l15x_clk.o ***
_CLK_ClockSecuritySystemEnable        ********   *** removed from Debug\stm8l15x_clk.o ***
_CLK_ClockSecuritySytemDeglitchCmd    ********   *** removed from Debug\stm8l15x_clk.o ***
_CLK_DeInit                           00008db7   defined in Debug\stm8l15x_clk.o section .text
                                                 used in Debug\tests-main.o
_CLK_GetClockFreq                     00008df8   defined in Debug\stm8l15x_clk.o section .text
                                                 used in Debug\stm8l15x_usart.o
_CLK_GetFlagStatus                    ********   *** removed from Debug\stm8l15x_clk.o ***
_CLK_GetITStatus                      ********   *** removed from Debug\stm8l15x_clk.o ***
_CLK_GetSYSCLKSource                  ********   *** removed from Debug\stm8l15x_clk.o ***
_CLK_HSEConfig                        ********   *** removed from Debug\stm8l15x_clk.o ***
_CLK_HSICmd                           ********   *** removed from Debug\stm8l15x_clk.o ***
_CLK_HaltConfig                       ********   *** removed from Debug\stm8l15x_clk.o ***
_CLK_ITConfig                         ********   *** removed from Debug\stm8l15x_clk.o ***
_CLK_LSEClockSecuritySystemEnable     ********   *** removed from Debug\stm8l15x_clk.o ***
_CLK_LSEConfig                        ********   *** removed from Debug\stm8l15x_clk.o ***
_CLK_LSICmd                           ********   *** removed from Debug\stm8l15x_clk.o ***
_CLK_MainRegulatorCmd                 ********   *** removed from Debug\stm8l15x_clk.o ***
_CLK_PeripheralClockConfig            00008e81   defined in Debug\stm8l15x_clk.o section .text
                                                 used in Debug\uart.o
                                                         Debug\atomport.o
_CLK_RTCCLKSwitchOnLSEFailureEnable   ********   *** removed from Debug\stm8l15x_clk.o ***
_CLK_RTCClockConfig                   ********   *** removed from Debug\stm8l15x_clk.o ***
_CLK_SYSCLKDivConfig                  00008e7d   defined in Debug\stm8l15x_clk.o section .text
                                                 used in Debug\tests-main.o
_CLK_SYSCLKSourceConfig               ********   *** removed from Debug\stm8l15x_clk.o ***
_CLK_SYSCLKSourceSwitchCmd            ********   *** removed from Debug\stm8l15x_clk.o ***
_GPIO_DeInit                          00008d40   defined in Debug\stm8l15x_gpio.o section .text
                                                 used in Debug\tests-main.o
_GPIO_ExternalPullUpConfig            ********   *** removed from Debug\stm8l15x_gpio.o ***
_GPIO_Init                            00008d48   defined in Debug\stm8l15x_gpio.o section .text
                                                 used in Debug\uart.o
                                                         Debug\tests-main.o
_GPIO_ReadInputData                   ********   *** removed from Debug\stm8l15x_gpio.o ***
_GPIO_ReadInputDataBit                ********   *** removed from Debug\stm8l15x_gpio.o ***
_GPIO_ReadOutputData                  ********   *** removed from Debug\stm8l15x_gpio.o ***
_GPIO_ReadOutputDataBit               ********   *** removed from Debug\stm8l15x_gpio.o ***
_GPIO_ResetBits                       ********   *** removed from Debug\stm8l15x_gpio.o ***
_GPIO_SetBits                         ********   *** removed from Debug\stm8l15x_gpio.o ***
_GPIO_ToggleBits                      00008db0   defined in Debug\stm8l15x_gpio.o section .text
                                                 used in Debug\tests-main.o
_GPIO_Write                           ********   *** removed from Debug\stm8l15x_gpio.o ***
_GPIO_WriteBit                        ********   *** removed from Debug\stm8l15x_gpio.o ***
_ITC_DeInit                           ********   *** removed from Debug\stm8l15x_itc.o ***
_ITC_GetCPUCC                         ********   *** removed from Debug\stm8l15x_itc.o ***
_ITC_GetSoftIntStatus                 ********   *** removed from Debug\stm8l15x_itc.o ***
_ITC_GetSoftwarePriority              ********   *** removed from Debug\stm8l15x_itc.o ***
_ITC_SetSoftwarePriority              ********   *** removed from Debug\stm8l15x_itc.o ***
_SYSCFG_REMAPDMAChannelConfig         ********   *** removed from Debug\stm8l15x_syscfg.o ***
_SYSCFG_REMAPDeInit                   ********   *** removed from Debug\stm8l15x_syscfg.o ***
_SYSCFG_REMAPPinConfig                ********   *** removed from Debug\stm8l15x_syscfg.o ***
_SYSCFG_RIAnalogSwitchConfig          ********   *** removed from Debug\stm8l15x_syscfg.o ***
_SYSCFG_RIDeInit                      ********   *** removed from Debug\stm8l15x_syscfg.o ***
_SYSCFG_RIIOSwitchConfig              ********   *** removed from Debug\stm8l15x_syscfg.o ***
_SYSCFG_RIResistorConfig              ********   *** removed from Debug\stm8l15x_syscfg.o ***
_SYSCFG_RITIMInputCaptureConfig       ********   *** removed from Debug\stm8l15x_syscfg.o ***
_SYSDivFactor                         00008080   defined in Debug\stm8l15x_clk.o section .const
_TIM1_ARRPreloadConfig                ********   *** removed from Debug\stm8l15x_tim1.o ***
_TIM1_BDTRConfig                      ********   *** removed from Debug\stm8l15x_tim1.o ***
_TIM1_CCPreloadControl                ********   *** removed from Debug\stm8l15x_tim1.o ***
_TIM1_CCxCmd                          ********   *** removed from Debug\stm8l15x_tim1.o ***
_TIM1_CCxNCmd                         ********   *** removed from Debug\stm8l15x_tim1.o ***
_TIM1_ClearFlag                       ********   *** removed from Debug\stm8l15x_tim1.o ***
_TIM1_ClearITPendingBit               ********   *** removed from Debug\stm8l15x_tim1.o ***
_TIM1_ClearOC1Ref                     ********   *** removed from Debug\stm8l15x_tim1.o ***
_TIM1_ClearOC2Ref                     ********   *** removed from Debug\stm8l15x_tim1.o ***
_TIM1_ClearOC3Ref                     ********   *** removed from Debug\stm8l15x_tim1.o ***
_TIM1_ClearOC4Ref                     ********   *** removed from Debug\stm8l15x_tim1.o ***
_TIM1_Cmd                             00008d19   defined in Debug\stm8l15x_tim1.o section .text
                                                 used in Debug\atomport.o
_TIM1_CounterModeConfig               ********   *** removed from Debug\stm8l15x_tim1.o ***
_TIM1_CtrlPWMOutputs                  ********   *** removed from Debug\stm8l15x_tim1.o ***
_TIM1_DMACmd                          ********   *** removed from Debug\stm8l15x_tim1.o ***
_TIM1_DMAConfig                       ********   *** removed from Debug\stm8l15x_tim1.o ***
_TIM1_DeInit                          00008c5c   defined in Debug\stm8l15x_tim1.o section .text
                                                 used in Debug\atomport.o
_TIM1_ETRClockMode1Config             ********   *** removed from Debug\stm8l15x_tim1.o ***
_TIM1_ETRClockMode2Config             ********   *** removed from Debug\stm8l15x_tim1.o ***
_TIM1_ETRConfig                       ********   *** removed from Debug\stm8l15x_tim1.o ***
_TIM1_EncoderInterfaceConfig          ********   *** removed from Debug\stm8l15x_tim1.o ***
_TIM1_ForcedOC1Config                 ********   *** removed from Debug\stm8l15x_tim1.o ***
_TIM1_ForcedOC2Config                 ********   *** removed from Debug\stm8l15x_tim1.o ***
_TIM1_ForcedOC3Config                 ********   *** removed from Debug\stm8l15x_tim1.o ***
_TIM1_GenerateEvent                   ********   *** removed from Debug\stm8l15x_tim1.o ***
_TIM1_GetCapture1                     ********   *** removed from Debug\stm8l15x_tim1.o ***
_TIM1_GetCapture2                     ********   *** removed from Debug\stm8l15x_tim1.o ***
_TIM1_GetCapture3                     ********   *** removed from Debug\stm8l15x_tim1.o ***
_TIM1_GetCapture4                     ********   *** removed from Debug\stm8l15x_tim1.o ***
_TIM1_GetCounter                      ********   *** removed from Debug\stm8l15x_tim1.o ***
_TIM1_GetFlagStatus                   ********   *** removed from Debug\stm8l15x_tim1.o ***
_TIM1_GetITStatus                     ********   *** removed from Debug\stm8l15x_tim1.o ***
_TIM1_GetPrescaler                    ********   *** removed from Debug\stm8l15x_tim1.o ***
_TIM1_ICInit                          ********   *** removed from Debug\stm8l15x_tim1.o ***
_TIM1_ITConfig                        00008d27   defined in Debug\stm8l15x_tim1.o section .text
                                                 used in Debug\atomport.o
_TIM1_InternalClockConfig             ********   *** removed from Debug\stm8l15x_tim1.o ***
_TIM1_OC1FastConfig                   ********   *** removed from Debug\stm8l15x_tim1.o ***
_TIM1_OC1Init                         ********   *** removed from Debug\stm8l15x_tim1.o ***
_TIM1_OC1NPolarityConfig              ********   *** removed from Debug\stm8l15x_tim1.o ***
_TIM1_OC1PolarityConfig               ********   *** removed from Debug\stm8l15x_tim1.o ***
_TIM1_OC1PreloadConfig                ********   *** removed from Debug\stm8l15x_tim1.o ***
_TIM1_OC2FastConfig                   ********   *** removed from Debug\stm8l15x_tim1.o ***
_TIM1_OC2Init                         ********   *** removed from Debug\stm8l15x_tim1.o ***
_TIM1_OC2NPolarityConfig              ********   *** removed from Debug\stm8l15x_tim1.o ***
_TIM1_OC2PolarityConfig               ********   *** removed from Debug\stm8l15x_tim1.o ***
_TIM1_OC2PreloadConfig                ********   *** removed from Debug\stm8l15x_tim1.o ***
_TIM1_OC3FastConfig                   ********   *** removed from Debug\stm8l15x_tim1.o ***
_TIM1_OC3Init                         ********   *** removed from Debug\stm8l15x_tim1.o ***
_TIM1_OC3NPolarityConfig              ********   *** removed from Debug\stm8l15x_tim1.o ***
_TIM1_OC3PolarityConfig               ********   *** removed from Debug\stm8l15x_tim1.o ***
_TIM1_OC3PreloadConfig                ********   *** removed from Debug\stm8l15x_tim1.o ***
_TIM1_OC4PreloadConfig                ********   *** removed from Debug\stm8l15x_tim1.o ***
_TIM1_PWMIConfig                      ********   *** removed from Debug\stm8l15x_tim1.o ***
_TIM1_PrescalerConfig                 ********   *** removed from Debug\stm8l15x_tim1.o ***
_TIM1_SelectCCDMA                     ********   *** removed from Debug\stm8l15x_tim1.o ***
_TIM1_SelectCOM                       ********   *** removed from Debug\stm8l15x_tim1.o ***
_TIM1_SelectHallSensor                ********   *** removed from Debug\stm8l15x_tim1.o ***
_TIM1_SelectInputTrigger              ********   *** removed from Debug\stm8l15x_tim1.o ***
_TIM1_SelectMasterSlaveMode           ********   *** removed from Debug\stm8l15x_tim1.o ***
_TIM1_SelectOCREFClear                ********   *** removed from Debug\stm8l15x_tim1.o ***
_TIM1_SelectOCxM                      ********   *** removed from Debug\stm8l15x_tim1.o ***
_TIM1_SelectOnePulseMode              ********   *** removed from Debug\stm8l15x_tim1.o ***
_TIM1_SelectOutputTrigger             ********   *** removed from Debug\stm8l15x_tim1.o ***
_TIM1_SelectSlaveMode                 ********   *** removed from Debug\stm8l15x_tim1.o ***
_TIM1_SetAutoreload                   ********   *** removed from Debug\stm8l15x_tim1.o ***
_TIM1_SetCompare1                     ********   *** removed from Debug\stm8l15x_tim1.o ***
_TIM1_SetCompare2                     ********   *** removed from Debug\stm8l15x_tim1.o ***
_TIM1_SetCompare3                     ********   *** removed from Debug\stm8l15x_tim1.o ***
_TIM1_SetCompare4                     ********   *** removed from Debug\stm8l15x_tim1.o ***
_TIM1_SetCounter                      ********   *** removed from Debug\stm8l15x_tim1.o ***
_TIM1_SetIC1Prescaler                 ********   *** removed from Debug\stm8l15x_tim1.o ***
_TIM1_SetIC2Prescaler                 ********   *** removed from Debug\stm8l15x_tim1.o ***
_TIM1_SetIC3Prescaler                 ********   *** removed from Debug\stm8l15x_tim1.o ***
_TIM1_SetIC4Prescaler                 ********   *** removed from Debug\stm8l15x_tim1.o ***
_TIM1_TIxExternalClockConfig          ********   *** removed from Debug\stm8l15x_tim1.o ***
_TIM1_TimeBaseInit                    00008cf5   defined in Debug\stm8l15x_tim1.o section .text
                                                 used in Debug\atomport.o
_TIM1_UpdateDisableConfig             ********   *** removed from Debug\stm8l15x_tim1.o ***
_TIM1_UpdateRequestConfig             ********   *** removed from Debug\stm8l15x_tim1.o ***
_USART_ClearFlag                      ********   *** removed from Debug\stm8l15x_usart.o ***
_USART_ClearITPendingBit              ********   *** removed from Debug\stm8l15x_usart.o ***
_USART_ClockInit                      ********   *** removed from Debug\stm8l15x_usart.o ***
_USART_Cmd                            00008c0d   defined in Debug\stm8l15x_usart.o section .text
                                                 used in Debug\uart.o
_USART_DMACmd                         ********   *** removed from Debug\stm8l15x_usart.o ***
_USART_DeInit                         00008b8a   defined in Debug\stm8l15x_usart.o section .text
                                                 used in Debug\uart.o
_USART_GetFlagStatus                  00008c2d   defined in Debug\stm8l15x_usart.o section .text
                                                 used in Debug\uart.o
_USART_GetITStatus                    ********   *** removed from Debug\stm8l15x_usart.o ***
_USART_HalfDuplexCmd                  ********   *** removed from Debug\stm8l15x_usart.o ***
_USART_ITConfig                       ********   *** removed from Debug\stm8l15x_usart.o ***
_USART_Init                           00008b9a   defined in Debug\stm8l15x_usart.o section .text
                                                 used in Debug\uart.o
_USART_IrDACmd                        ********   *** removed from Debug\stm8l15x_usart.o ***
_USART_IrDAConfig                     ********   *** removed from Debug\stm8l15x_usart.o ***
_USART_ReceiveData8                   ********   *** removed from Debug\stm8l15x_usart.o ***
_USART_ReceiveData9                   ********   *** removed from Debug\stm8l15x_usart.o ***
_USART_ReceiverWakeUpCmd              ********   *** removed from Debug\stm8l15x_usart.o ***
_USART_SendBreak                      ********   *** removed from Debug\stm8l15x_usart.o ***
_USART_SendData8                      00008c24   defined in Debug\stm8l15x_usart.o section .text
                                                 used in Debug\uart.o
_USART_SendData9                      ********   *** removed from Debug\stm8l15x_usart.o ***
_USART_SetAddress                     ********   *** removed from Debug\stm8l15x_usart.o ***
_USART_SetGuardTime                   ********   *** removed from Debug\stm8l15x_usart.o ***
_USART_SetPrescaler                   ********   *** removed from Debug\stm8l15x_usart.o ***
_USART_SmartCardCmd                   ********   *** removed from Debug\stm8l15x_usart.o ***
_USART_SmartCardNACKCmd               ********   *** removed from Debug\stm8l15x_usart.o ***
_USART_WakeUpConfig                   ********   *** removed from Debug\stm8l15x_usart.o ***
__endmem                              000005fe   defined in command file
                                                 *** not used ***
__endzp                               0000000c   defined in command file section .ubsct
                                                 used in C:\Program Files (x86)\COSMIC\FSE_Compilers\CXSTM8\Lib\crtsi0.sm8
__idesc__                             000081f0   defined in linker section .init
                                                 used in C:\Program Files (x86)\COSMIC\FSE_Compilers\CXSTM8\Lib\crtsi0.sm8
__itob                                00009899   defined in (C:\Program Files (x86)\COSMIC\FSE_Compilers\CXSTM8\Lib\libisl0.sm8)itob.o section .text
                                                 used in (C:\Program Files (x86)\COSMIC\FSE_Compilers\CXSTM8\Lib\libisl0.sm8)cprint.o
__ltob                                00009913   defined in (C:\Program Files (x86)\COSMIC\FSE_Compilers\CXSTM8\Lib\libisl0.sm8)itob.o section .text
                                                 used in (C:\Program Files (x86)\COSMIC\FSE_Compilers\CXSTM8\Lib\libisl0.sm8)cprint.o
__memory                              00000421   defined in command file section .bss
                                                 used in C:\Program Files (x86)\COSMIC\FSE_Compilers\CXSTM8\Lib\crtsi0.sm8
__print                               00009466   defined in (C:\Program Files (x86)\COSMIC\FSE_Compilers\CXSTM8\Lib\libisl0.sm8)cprint.o section .text
                                                 used in (C:\Program Files (x86)\COSMIC\FSE_Compilers\CXSTM8\Lib\libisl0.sm8)printf.o
__stack                               000007ff   defined in command file
                                                 used in C:\Program Files (x86)\COSMIC\FSE_Compilers\CXSTM8\Lib\crtsi0.sm8
__startmem                            00000421   defined in command file section .bss
                                                 *** not used ***
__stext                               00008205   defined in C:\Program Files (x86)\COSMIC\FSE_Compilers\CXSTM8\Lib\crtsi0.sm8 section .text
                                                 used in Debug\stm8_interrupt_vector.o
__udiv                                000099a9   defined in (C:\Program Files (x86)\COSMIC\FSE_Compilers\CXSTM8\Lib\libisl0.sm8)idiv0.o section .text
                                                 used in (C:\Program Files (x86)\COSMIC\FSE_Compilers\CXSTM8\Lib\libisl0.sm8)itob.o
__uldiv                               000099b4   defined in (C:\Program Files (x86)\COSMIC\FSE_Compilers\CXSTM8\Lib\libisl0.sm8)ildiv0.o section .text
                                                 used in (C:\Program Files (x86)\COSMIC\FSE_Compilers\CXSTM8\Lib\libisl0.sm8)itob.o
__vectab                              00008000   defined in Debug\stm8_interrupt_vector.o section .const
_archContextSwitch                    00009352   defined in Debug\atomport-asm-cosmic.o section .text
                                                 used in Debug\atomkernel.o
_archFirstThreadRestore               0000935a   defined in Debug\atomport-asm-cosmic.o section .text
                                                 used in Debug\atomkernel.o
_archInitSystemTickTimer              000092f3   defined in Debug\atomport.o section .text
                                                 used in Debug\tests-main.o
_archThreadContextInit                000092c5   defined in Debug\atomport.o section .text
                                                 used in Debug\atomkernel.o
_atomCurrentContext                   00008496   defined in Debug\atomkernel.o section .text
                                                 used in Debug\atommutex.o
                                                         Debug\atomqueue.o
                                                         Debug\atomsem.o
                                                         Debug\atomtimer.o
                                                         Debug\atomport.o
_atomIntEnter                         0000847f   defined in Debug\atomkernel.o section .text
                                                 used in Debug\atomport.o
_atomIntExit                          00008489   defined in Debug\atomkernel.o section .text
                                                 used in Debug\atomport.o
_atomMutexCreate                      000086ab   defined in Debug\atommutex.o section .text
                                                 used in Debug\mutex7.o
                                                         Debug\uart.o
_atomMutexDelete                      000086ce   defined in Debug\atommutex.o section .text
                                                 used in Debug\mutex7.o
_atomMutexGet                         00008765   defined in Debug\atommutex.o section .text
                                                 used in Debug\mutex7.o
                                                         Debug\uart.o
_atomMutexPut                         0000888b   defined in Debug\atommutex.o section .text
                                                 used in Debug\mutex7.o
                                                         Debug\uart.o
_atomOSInit                           000084a1   defined in Debug\atomkernel.o section .text
                                                 used in Debug\tests-main.o
_atomOSStart                          000084d8   defined in Debug\atomkernel.o section .text
                                                 used in Debug\tests-main.o
_atomOSStarted                        00000102   defined in Debug\atomkernel.o section .data, initialized
                                                 used in Debug\atomtimer.o
_atomQueueCreate                      ********   *** removed from Debug\atomqueue.o ***
_atomQueueDelete                      ********   *** removed from Debug\atomqueue.o ***
_atomQueueGet                         ********   *** removed from Debug\atomqueue.o ***
_atomQueuePut                         ********   *** removed from Debug\atomqueue.o ***
_atomSched                            00008255   defined in Debug\atomkernel.o section .text
                                                 used in Debug\atommutex.o
                                                         Debug\atomqueue.o
                                                         Debug\atomsem.o
                                                         Debug\atomtimer.o
_atomSemCreate                        ********   *** removed from Debug\atomsem.o ***
_atomSemDelete                        ********   *** removed from Debug\atomsem.o ***
_atomSemGet                           ********   *** removed from Debug\atomsem.o ***
_atomSemPut                           ********   *** removed from Debug\atomsem.o ***
_atomSemResetCount                    ********   *** removed from Debug\atomsem.o ***
_atomThreadCreate                     00008304   defined in Debug\atomkernel.o section .text
                                                 used in Debug\mutex7.o
                                                         Debug\tests-main.o
_atomThreadStackCheck                 00008406   defined in Debug\atomkernel.o section .text
                                                 used in Debug\mutex7.o
                                                         Debug\tests-main.o
_atomTimeGet                          ********   *** removed from Debug\atomtimer.o ***
_atomTimeSet                          ********   *** removed from Debug\atomtimer.o ***
_atomTimerCancel                      000089db   defined in Debug\atomtimer.o section .text
                                                 used in Debug\atommutex.o
                                                         Debug\atomqueue.o
                                                         Debug\atomsem.o
_atomTimerDelay                       00008a51   defined in Debug\atomtimer.o section .text
                                                 used in Debug\mutex7.o
                                                         Debug\tests-main.o
_atomTimerRegister                    0000898c   defined in Debug\atomtimer.o section .text
                                                 used in Debug\atommutex.o
                                                         Debug\atomqueue.o
                                                         Debug\atomsem.o
                                                         Debug\mutex7.o
_atomTimerTick                        00008a3f   defined in Debug\atomtimer.o section .text
                                                 used in Debug\atomport.o
_exit                                 00008253   defined in C:\Program Files (x86)\COSMIC\FSE_Compilers\CXSTM8\Lib\crtsi0.sm8 section .text
_main                                 00009190   defined in Debug\tests-main.o section .text
                                                 used in C:\Program Files (x86)\COSMIC\FSE_Compilers\CXSTM8\Lib\crtsi0.sm8
_memcpy                               ********   *** removed from (C:\Program Files (x86)\COSMIC\FSE_Compilers\CXSTM8\Lib\libisl0.sm8)memcpy0.o ***
_printf                               0000935d   defined in (C:\Program Files (x86)\COSMIC\FSE_Compilers\CXSTM8\Lib\libisl0.sm8)printf.o section .text
                                                 used in Debug\mutex7.o
                                                         Debug\tests-main.o
_putchar                              0000918c   defined in Debug\uart.o section .text
                                                 used in (C:\Program Files (x86)\COSMIC\FSE_Compilers\CXSTM8\Lib\libisl0.sm8)cprint.o
_strlen                               000099cf   defined in (C:\Program Files (x86)\COSMIC\FSE_Compilers\CXSTM8\Lib\libisl0.sm8)strlen0.o section .text
                                                 used in (C:\Program Files (x86)\COSMIC\FSE_Compilers\CXSTM8\Lib\libisl0.sm8)cprint.o
_tcbDequeueEntry                      000085c7   defined in Debug\atomkernel.o section .text
                                                 used in Debug\atommutex.o
                                                         Debug\atomqueue.o
                                                         Debug\atomsem.o
_tcbDequeueHead                       0000857e   defined in Debug\atomkernel.o section .text
                                                 used in Debug\atommutex.o
                                                         Debug\atomqueue.o
                                                         Debug\atomsem.o
_tcbDequeuePriority                   0000865c   defined in Debug\atomkernel.o section .text
_tcbEnqueuePriority                   000084fa   defined in Debug\atomkernel.o section .text
                                                 used in Debug\atommutex.o
                                                         Debug\atomqueue.o
                                                         Debug\atomsem.o
                                                         Debug\atomtimer.o
_tcbReadyQ                            00000100   defined in Debug\atomkernel.o section .data, initialized
                                                 used in Debug\atommutex.o
                                                         Debug\atomqueue.o
                                                         Debug\atomsem.o
                                                         Debug\atomtimer.o
_test_start                           00008f2e   defined in Debug\mutex7.o section .text
                                                 used in Debug\tests-main.o
_toupper                              000099db   defined in (C:\Program Files (x86)\COSMIC\FSE_Compilers\CXSTM8\Lib\libisl0.sm8)toup0.o section .text
                                                 used in (C:\Program Files (x86)\COSMIC\FSE_Compilers\CXSTM8\Lib\libisl0.sm8)cprint.o
_uart_init                            000090f0   defined in Debug\uart.o section .text
                                                 used in Debug\tests-main.o
_uart_putchar                         0000914a   defined in Debug\uart.o section .text
c_divsl                               000099e6   defined in (C:\Program Files (x86)\COSMIC\FSE_Compilers\CXSTM8\Lib\libm0.sm8)ldiv.o section .text
                                                 *** not used ***
c_divul                               000099fd   defined in (C:\Program Files (x86)\COSMIC\FSE_Compilers\CXSTM8\Lib\libm0.sm8)ldiv.o section .text
                                                 used in (C:\Program Files (x86)\COSMIC\FSE_Compilers\CXSTM8\Lib\libisl0.sm8)ildiv0.o
                                                         (C:\Program Files (x86)\COSMIC\FSE_Compilers\CXSTM8\Lib\libm0.sm8)ludiv.o
c_imul                                00009ad1   defined in (C:\Program Files (x86)\COSMIC\FSE_Compilers\CXSTM8\Lib\libm0.sm8)imul.o section .text
                                                 used in Debug\mutex7.o
                                                         (C:\Program Files (x86)\COSMIC\FSE_Compilers\CXSTM8\Lib\libisl0.sm8)cprint.o
c_itolx                               00009af2   defined in (C:\Program Files (x86)\COSMIC\FSE_Compilers\CXSTM8\Lib\libm0.sm8)itolx.o section .text
                                                 used in Debug\atomkernel.o
                                                         Debug\mutex7.o
                                                         Debug\tests-main.o
c_lcmp                                00009b00   defined in (C:\Program Files (x86)\COSMIC\FSE_Compilers\CXSTM8\Lib\libm0.sm8)lcmp.o section .text
                                                 used in Debug\atomkernel.o
                                                         Debug\atomqueue.o
c_lgadc                               00009b20   defined in (C:\Program Files (x86)\COSMIC\FSE_Compilers\CXSTM8\Lib\libm0.sm8)lgadc.o section .text
                                                 used in Debug\atomqueue.o
                                                         Debug\atomtimer.o
                                                         Debug\tests-main.o
c_lgadd                               ********   *** removed from (C:\Program Files (x86)\COSMIC\FSE_Compilers\CXSTM8\Lib\libm0.sm8)lgadd.o ***
c_lgneg                               00009b30   defined in (C:\Program Files (x86)\COSMIC\FSE_Compilers\CXSTM8\Lib\libm0.sm8)lgneg.o section .text
                                                 used in (C:\Program Files (x86)\COSMIC\FSE_Compilers\CXSTM8\Lib\libm0.sm8)ldiv.o
c_lgsbc                               00009b43   defined in (C:\Program Files (x86)\COSMIC\FSE_Compilers\CXSTM8\Lib\libm0.sm8)lgsbc.o section .text
                                                 used in Debug\atomkernel.o
                                                         Debug\atomqueue.o
                                                         Debug\atomtimer.o
c_lmul                                ********   *** removed from (C:\Program Files (x86)\COSMIC\FSE_Compilers\CXSTM8\Lib\libm0.sm8)lmul.o ***
c_lmulc                               ********   *** removed from (C:\Program Files (x86)\COSMIC\FSE_Compilers\CXSTM8\Lib\libm0.sm8)lmul.o ***
c_lneg                                00009b59   defined in (C:\Program Files (x86)\COSMIC\FSE_Compilers\CXSTM8\Lib\libm0.sm8)lneg.o section .text
                                                 used in (C:\Program Files (x86)\COSMIC\FSE_Compilers\CXSTM8\Lib\libisl0.sm8)itob.o
                                                         (C:\Program Files (x86)\COSMIC\FSE_Compilers\CXSTM8\Lib\libm0.sm8)ldiv.o
c_lreg                                00000002   defined in (C:\Program Files (x86)\COSMIC\FSE_Compilers\CXSTM8\Lib\libm0.sm8)lreg.o section .ubsct
                                                 used in Debug\atomqueue.o
                                                         Debug\stm8l15x_usart.o
                                                         Debug\stm8l15x_clk.o
                                                         Debug\tests-main.o
                                                         Debug\atomport.o
                                                         (C:\Program Files (x86)\COSMIC\FSE_Compilers\CXSTM8\Lib\libisl0.sm8)cprint.o
                                                         (C:\Program Files (x86)\COSMIC\FSE_Compilers\CXSTM8\Lib\libm0.sm8)ldiv.o
                                                         (C:\Program Files (x86)\COSMIC\FSE_Compilers\CXSTM8\Lib\libm0.sm8)itolx.o
                                                         (C:\Program Files (x86)\COSMIC\FSE_Compilers\CXSTM8\Lib\libm0.sm8)lcmp.o
                                                         (C:\Program Files (x86)\COSMIC\FSE_Compilers\CXSTM8\Lib\libm0.sm8)lgadd.o
                                                         (C:\Program Files (x86)\COSMIC\FSE_Compilers\CXSTM8\Lib\libm0.sm8)lmul.o
                                                         (C:\Program Files (x86)\COSMIC\FSE_Compilers\CXSTM8\Lib\libm0.sm8)lneg.o
                                                         (C:\Program Files (x86)\COSMIC\FSE_Compilers\CXSTM8\Lib\libm0.sm8)lsub.o
                                                         (C:\Program Files (x86)\COSMIC\FSE_Compilers\CXSTM8\Lib\libm0.sm8)ltor.o
                                                         (C:\Program Files (x86)\COSMIC\FSE_Compilers\CXSTM8\Lib\libm0.sm8)lursh.o
                                                         (C:\Program Files (x86)\COSMIC\FSE_Compilers\CXSTM8\Lib\libm0.sm8)rtol.o
c_lsub                                00009b6e   defined in (C:\Program Files (x86)\COSMIC\FSE_Compilers\CXSTM8\Lib\libm0.sm8)lsub.o section .text
                                                 used in Debug\atomkernel.o
c_ltor                                00009b86   defined in (C:\Program Files (x86)\COSMIC\FSE_Compilers\CXSTM8\Lib\libm0.sm8)ltor.o section .text
                                                 used in Debug\atomkernel.o
                                                         Debug\atomqueue.o
                                                         Debug\atomtimer.o
                                                         Debug\stm8l15x_usart.o
                                                         Debug\stm8l15x_clk.o
                                                         (C:\Program Files (x86)\COSMIC\FSE_Compilers\CXSTM8\Lib\libisl0.sm8)itob.o
                                                         (C:\Program Files (x86)\COSMIC\FSE_Compilers\CXSTM8\Lib\libisl0.sm8)ildiv0.o
c_ludv                                00009b98   defined in (C:\Program Files (x86)\COSMIC\FSE_Compilers\CXSTM8\Lib\libm0.sm8)ludiv.o section .text
                                                 used in Debug\stm8l15x_usart.o
                                                         Debug\stm8l15x_clk.o
c_lursh                               00009bac   defined in (C:\Program Files (x86)\COSMIC\FSE_Compilers\CXSTM8\Lib\libm0.sm8)lursh.o section .text
                                                 used in Debug\stm8l15x_usart.o
c_lzmp                                00009bbb   defined in (C:\Program Files (x86)\COSMIC\FSE_Compilers\CXSTM8\Lib\libm0.sm8)lzmp.o section .text
                                                 used in Debug\atomkernel.o
                                                         Debug\atommutex.o
                                                         Debug\atomqueue.o
                                                         Debug\atomsem.o
                                                         Debug\atomtimer.o
                                                         Debug\mutex7.o
                                                         Debug\tests-main.o
                                                         (C:\Program Files (x86)\COSMIC\FSE_Compilers\CXSTM8\Lib\libisl0.sm8)itob.o
c_rtol                                00009bce   defined in (C:\Program Files (x86)\COSMIC\FSE_Compilers\CXSTM8\Lib\libm0.sm8)rtol.o section .text
                                                 used in Debug\atomkernel.o
                                                         Debug\atomqueue.o
                                                         Debug\stm8l15x_usart.o
                                                         Debug\stm8l15x_clk.o
                                                         Debug\tests-main.o
                                                         (C:\Program Files (x86)\COSMIC\FSE_Compilers\CXSTM8\Lib\libisl0.sm8)cprint.o
                                                         (C:\Program Files (x86)\COSMIC\FSE_Compilers\CXSTM8\Lib\libisl0.sm8)itob.o
                                                         (C:\Program Files (x86)\COSMIC\FSE_Compilers\CXSTM8\Lib\libisl0.sm8)ildiv0.o
c_x                                   00000006   defined in (C:\Program Files (x86)\COSMIC\FSE_Compilers\CXSTM8\Lib\libm0.sm8)xreg.o section .ubsct
                                                 used in C:\Program Files (x86)\COSMIC\FSE_Compilers\CXSTM8\Lib\crtsi0.sm8
                                                         Debug\atomqueue.o
                                                         Debug\atomport.o
                                                         (C:\Program Files (x86)\COSMIC\FSE_Compilers\CXSTM8\Lib\libisl0.sm8)memcpy0.o
                                                         (C:\Program Files (x86)\COSMIC\FSE_Compilers\CXSTM8\Lib\libisl0.sm8)strlen0.o
                                                         (C:\Program Files (x86)\COSMIC\FSE_Compilers\CXSTM8\Lib\libm0.sm8)ldiv.o
                                                         (C:\Program Files (x86)\COSMIC\FSE_Compilers\CXSTM8\Lib\libm0.sm8)imul.o
                                                         (C:\Program Files (x86)\COSMIC\FSE_Compilers\CXSTM8\Lib\libm0.sm8)lmul.o
c_y                                   00000009   defined in (C:\Program Files (x86)\COSMIC\FSE_Compilers\CXSTM8\Lib\libm0.sm8)yreg.o section .ubsct
                                                 used in C:\Program Files (x86)\COSMIC\FSE_Compilers\CXSTM8\Lib\crtsi0.sm8
                                                         Debug\atomqueue.o
                                                         Debug\atomport.o
f_NonHandledInterrupt                 00009be0   defined in Debug\stm8_interrupt_vector.o section .text
f_TIM1_SystemTickISR                  00009318   defined in Debug\atomport.o section .text
                                                 used in Debug\stm8_interrupt_vector.o
